{minusShop("shop:Shop","shop:s1"), minusShop("shop:Shop","shop:s2"), minusShop("shop:Shop","shop:s3"), minusShop("shop:Shop","shop:s4"), minusShop("shop:Shop","shop:s8"), minusShop("shop:Shop","shop:s5"), minusShop("shop:Shop","shop:s6"), minusShop("shop:Shop","shop:s7"), minusShop("shop:Shop","shop:s9"), minusShop("shop:Shop","shop:s10")}
