{inconsistent, minusShop("<http://www.kr.tuwien.ac.at/staff/roman/shop#Shop>","<http://www.kr.tuwien.ac.at/staff/roman/shop#s1>"), minusShop("<http://www.kr.tuwien.ac.at/staff/roman/shop#Shop>","<http://www.kr.tuwien.ac.at/staff/roman/shop#s2>"), minusShop("<http://www.kr.tuwien.ac.at/staff/roman/shop#Shop>","<http://www.kr.tuwien.ac.at/staff/roman/shop#s3>"), minusShop("<http://www.kr.tuwien.ac.at/staff/roman/shop#Shop>","<http://www.kr.tuwien.ac.at/staff/roman/shop#s4>"), minusShop("<http://www.kr.tuwien.ac.at/staff/roman/shop#Shop>","<http://www.kr.tuwien.ac.at/staff/roman/shop#s8>"), minusShop("<http://www.kr.tuwien.ac.at/staff/roman/shop#Shop>","<http://www.kr.tuwien.ac.at/staff/roman/shop#s5>"), minusShop("<http://www.kr.tuwien.ac.at/staff/roman/shop#Shop>","<http://www.kr.tuwien.ac.at/staff/roman/shop#s6>"), minusShop("<http://www.kr.tuwien.ac.at/staff/roman/shop#Shop>","<http://www.kr.tuwien.ac.at/staff/roman/shop#s7>"), minusShop("<http://www.kr.tuwien.ac.at/staff/roman/shop#Shop>","<http://www.kr.tuwien.ac.at/staff/roman/shop#s9>"), minusShop("<http://www.kr.tuwien.ac.at/staff/roman/shop#Shop>","<http://www.kr.tuwien.ac.at/staff/roman/shop#s10>")}
