{nshop("shop:not_a_shop"), parts1("shop:cpu"), parts1("shop:case"), part("shop:cpu1"), part("shop:moo"), part("shop:fan"), part("shop:wlan"), part("shop:graphiccard"), part("shop:cdrom"), part("shop:harddisk"), part("shop:dvdrom"), part("shop:memory"), part("shop:soundcard"), part("shop:cpu"), part("shop:case"), p("shop:s2","shop:soundcard"), p("shop:s3","shop:dvdrom"), p("shop:s3","shop:memory"), p("shop:s3","shop:cpu"), p("shop:s4","shop:cdrom"), p("shop:s4","shop:harddisk"), p("shop:s8","shop:cdrom"), p("shop:s8","shop:dvdrom"), p("shop:s8","shop:memory"), p("shop:s8","shop:soundcard"), p("shop:s5","shop:harddisk"), p("shop:s5","shop:cpu"), p("shop:s6","shop:graphiccard"), p("shop:s6","shop:case"), p("shop:s7","shop:wlan"), p("shop:s7","shop:harddisk"), p("shop:s9","shop:harddisk"), p("shop:s9","shop:case"), p("shop:s10","shop:fan"), p("shop:foo","shop:moo"), p("shop:s1","shop:cpu"), p("shop:s1","shop:case"), s("shop:s2"), s("shop:s3"), s("shop:s4"), s("shop:s8"), s("shop:s5"), s("shop:s6"), s("shop:s7"), s("shop:s9"), s("shop:s10"), s("shop:foo"), s("shop:s1"), minusShop("Shop","not_a_shop"), minusPart("Part","cpu2"), plusPart("Part","cpu1"), plusProvides("provides","foo","moo")}
