{testnames("<http://www.test.com/test#test1>","This is my test 1"), testnames("<http://www.test.com/test#test2>","This is my test 2"), testnames("<http://www.test.com/test#test2>","and my test 2 has 2 names"), testno("<http://www.test.com/test#test1>",1), testno("<http://www.test.com/test#test1>",2), testno("<http://www.test.com/test#test2>",2), test("<http://www.test.com/test#test1>"), test("<http://www.test.com/test#test2>"), test("<http://www.yet-another-test.com/test%20with%20spaces#test1>"), testanother("<http://www.test.com/test#test1>"), testanother("<http://www.test.com/test#test2>"), testanother("<http://www.yet-another-test.com/test%20with%20spaces#test1>"), testns("<http://www.test.com/test#test1>"), testns("<http://www.test.com/test#test2>"), testns("<http://www.yet-another-test.com/test%20with%20spaces#test1>")}
{testnames("<http://www.test.com/test#test1>","This is my test 1"), testnames("<http://www.test.com/test#test2>","This is my test 2"), testnames("<http://www.test.com/test#test2>","and my test 2 has 2 names"), testno("<http://www.test.com/test#test1>",1), testno("<http://www.test.com/test#test1>",2), testno("<http://www.test.com/test#test2>",2), test("<http://www.test.com/test#test1>"), test("<http://www.yet-another-test.com/test%20with%20spaces#test1>"), -test("<http://www.test.com/test#test2>"), testanother("<http://www.test.com/test#test1>"), testanother("<http://www.test.com/test#test2>"), testanother("<http://www.yet-another-test.com/test%20with%20spaces#test1>"), testns("<http://www.test.com/test#test1>"), testns("<http://www.test.com/test#test2>"), testns("<http://www.yet-another-test.com/test%20with%20spaces#test1>")}
{testnames("<http://www.test.com/test#test1>","This is my test 1"), testnames("<http://www.test.com/test#test2>","This is my test 2"), testnames("<http://www.test.com/test#test2>","and my test 2 has 2 names"), testno("<http://www.test.com/test#test1>",1), testno("<http://www.test.com/test#test1>",2), testno("<http://www.test.com/test#test2>",2), test("<http://www.test.com/test#test2>"), test("<http://www.yet-another-test.com/test%20with%20spaces#test1>"), -test("<http://www.test.com/test#test1>"), testanother("<http://www.test.com/test#test1>"), testanother("<http://www.test.com/test#test2>"), testanother("<http://www.yet-another-test.com/test%20with%20spaces#test1>"), testns("<http://www.test.com/test#test1>"), testns("<http://www.test.com/test#test2>"), testns("<http://www.yet-another-test.com/test%20with%20spaces#test1>")}
{testnames("<http://www.test.com/test#test1>","This is my test 1"), testnames("<http://www.test.com/test#test2>","This is my test 2"), testnames("<http://www.test.com/test#test2>","and my test 2 has 2 names"), testno("<http://www.test.com/test#test1>",1), testno("<http://www.test.com/test#test1>",2), testno("<http://www.test.com/test#test2>",2), test("<http://www.yet-another-test.com/test%20with%20spaces#test1>"), -test("<http://www.test.com/test#test1>"), -test("<http://www.test.com/test#test2>"), testanother("<http://www.test.com/test#test1>"), testanother("<http://www.test.com/test#test2>"), testanother("<http://www.yet-another-test.com/test%20with%20spaces#test1>"), testns("<http://www.test.com/test#test1>"), testns("<http://www.test.com/test#test2>"), testns("<http://www.yet-another-test.com/test%20with%20spaces#test1>")}
{testnames("<http://www.test.com/test#test1>","This is my test 1"), testnames("<http://www.test.com/test#test2>","This is my test 2"), testnames("<http://www.test.com/test#test2>","and my test 2 has 2 names"), testno("<http://www.test.com/test#test1>",1), testno("<http://www.test.com/test#test1>",2), testno("<http://www.test.com/test#test2>",2), test("<http://www.test.com/test#test1>"), test("<http://www.test.com/test#test2>"), -test("<http://www.yet-another-test.com/test%20with%20spaces#test1>"), testanother("<http://www.test.com/test#test1>"), testanother("<http://www.test.com/test#test2>"), testanother("<http://www.yet-another-test.com/test%20with%20spaces#test1>"), testns("<http://www.test.com/test#test1>"), testns("<http://www.test.com/test#test2>"), testns("<http://www.yet-another-test.com/test%20with%20spaces#test1>")}
{testnames("<http://www.test.com/test#test1>","This is my test 1"), testnames("<http://www.test.com/test#test2>","This is my test 2"), testnames("<http://www.test.com/test#test2>","and my test 2 has 2 names"), testno("<http://www.test.com/test#test1>",1), testno("<http://www.test.com/test#test1>",2), testno("<http://www.test.com/test#test2>",2), test("<http://www.test.com/test#test1>"), -test("<http://www.test.com/test#test2>"), -test("<http://www.yet-another-test.com/test%20with%20spaces#test1>"), testanother("<http://www.test.com/test#test1>"), testanother("<http://www.test.com/test#test2>"), testanother("<http://www.yet-another-test.com/test%20with%20spaces#test1>"), testns("<http://www.test.com/test#test1>"), testns("<http://www.test.com/test#test2>"), testns("<http://www.yet-another-test.com/test%20with%20spaces#test1>")}
{testnames("<http://www.test.com/test#test1>","This is my test 1"), testnames("<http://www.test.com/test#test2>","This is my test 2"), testnames("<http://www.test.com/test#test2>","and my test 2 has 2 names"), testno("<http://www.test.com/test#test1>",1), testno("<http://www.test.com/test#test1>",2), testno("<http://www.test.com/test#test2>",2), test("<http://www.test.com/test#test2>"), -test("<http://www.test.com/test#test1>"), -test("<http://www.yet-another-test.com/test%20with%20spaces#test1>"), testanother("<http://www.test.com/test#test1>"), testanother("<http://www.test.com/test#test2>"), testanother("<http://www.yet-another-test.com/test%20with%20spaces#test1>"), testns("<http://www.test.com/test#test1>"), testns("<http://www.test.com/test#test2>"), testns("<http://www.yet-another-test.com/test%20with%20spaces#test1>")}
{testnames("<http://www.test.com/test#test1>","This is my test 1"), testnames("<http://www.test.com/test#test2>","This is my test 2"), testnames("<http://www.test.com/test#test2>","and my test 2 has 2 names"), testno("<http://www.test.com/test#test1>",1), testno("<http://www.test.com/test#test1>",2), testno("<http://www.test.com/test#test2>",2), -test("<http://www.test.com/test#test1>"), -test("<http://www.test.com/test#test2>"), -test("<http://www.yet-another-test.com/test%20with%20spaces#test1>"), testanother("<http://www.test.com/test#test1>"), testanother("<http://www.test.com/test#test2>"), testanother("<http://www.yet-another-test.com/test%20with%20spaces#test1>"), testns("<http://www.test.com/test#test1>"), testns("<http://www.test.com/test#test2>"), testns("<http://www.yet-another-test.com/test%20with%20spaces#test1>")}
